[36mvite v8.0.3 [32mbuilding client environment for production...[36m[39m
[2K
transforming...Γ£ô 62 modules transformed.
rendering chunks...
computing gzip size...
dist/index.html                   0.45 kB Γöé gzip:  0.29 kB
dist/assets/index-CWrYR9c5.css   12.86 kB Γöé gzip:  3.14 kB
dist/assets/index-CAdEKDrj.js   325.34 kB Γöé gzip: 90.22 kB

[32mΓ£ô built in 329ms[39m
